// Jest Snapshot v1, https://goo.gl/fbAQLP

exports[`LandingPage component renders a .LandingPage by default 1`] = `
<main
  className="LandingPage"
>
  <h1>
    Welcome to GolfScore
  </h1>
  <p>
    Lorem ipsum dolor sit amet, consectetur adipiscing elit. Duis rutrum lorem a justo tempus vehicula. Suspendisse condimentum efficitur vestibulum. Curabitur dignissim non nisi vitae lobortis. Praesent iaculis vehicula arcu, elementum ornare enim tincidunt in.
  </p>
  <div>
    <Link
      to="/view-course-list"
    >
      View Your Course List
    </Link>
  </div>
</main>
`;
